data/property_value 2.csv
Region GSS code,Period,Sales volume,Average price All property types,Average price Detached houses,Average price Semi-detached houses,Average price Terraced houses,Average price Flats and maisonettes
E11000001,2020-09,2995.0,171040,308572,193922,139021,129267
E11000001,2020-10,3573.0,173081,313320,196254,140924,129871
E11000001,2020-11,3551.0,175216,317540,198384,142877,131339
E11000001,2020-12,3841.0,177750,321530,201063,145333,132989
E11000001,2021-01,3209.0,180689,323162,203871,147818,137305
E11000001,2021-02,4165.0,183328,324831,206268,150266,140815
E11000001,2021-03,5417.0,186937,327025,209474,153377,146389
E11000001,2021-04,3732.0,187653,329124,209904,154335,146339
E11000001,2021-05,3336.0,187907,330341,210107,154723,145903
E11000001,2021-06,6096.0,190834,335078,213106,157909,147039
E11000001,2021-07,2985.0,191438,336914,213969,158232,147223
E11000001,2021-08,3604.0,193922,342365,217192,160319,147797
E11000001,2021-09,5611.0,194517,345223,218368,160677,146820
E11000001,2021-10,2754.0,196629,350767,221083,162094,147759
E11000001,2021-11,3403.0,198798,354469,223535,163488,150341
E11000001,2021-12,3600.0,199397,356407,224392,163655,150820
E11000001,2022-01,2745.0,202887,359574,228369,166975,153708
E11000001,2022-02,3098.0,203986,361108,229490,168116,154319
E11000001,2022-03,3546.0,204944,363400,231009,168525,154734
E11000001,2022-04,3368.0,206864,367188,232975,170371,155699
E11000001,2022-05,3085.0,209134,370588,235814,172471,156636
E11000001,2022-06,3127.0,211191,373736,238127,174399,157894
E11000001,2022-07,3600.0,212854,376930,240365,176060,157605
E11000001,2022-08,3547.0,215682,382665,243643,178810,158157
E11000001,2022-09,3617.0,219969,390133,248387,182688,160788
E11000001,2022-10,3398.0,221607,394488,250236,183973,161390
E11000001,2022-11,3468.0,222169,395775,250732,184371,162069
E11000001,2022-12,3235.0,220470,393071,248848,183024,160439
E11000001,2023-01,2285.0,218768,390717,247311,181146,159216
E11000001,2023-02,2398.0,216746,388102,245065,179028,157948
E11000001,2023-03,2697.0,214050,385082,242416,175831,156339
E11000001,2023-04,1920.0,212722,383181,240757,174640,155617
E11000001,2023-05,2098.0,212476,382858,240667,174297,155413
E11000001,2023-06,2459.0,214037,384239,241976,176267,156317
E11000001,2023-07,2403.0,216309,386276,244567,178339,158233
E11000001,2023-08,2757.0,218509,388301,246682,180573,160178
E11000001,2023-09,2634.0,219711,388988,247864,181586,161759
E11000001,2023-10,2620.0,220172,388025,247845,182052,163302
E11000001,2023-11,2465.0,219258,387548,247121,181030,162334
E11000001,2023-12,2322.0,218927,387620,246985,180718,161608
E11000001,2024-01,2050.0,217910,388150,246132,179878,159643
E11000001,2024-02,2176.0,216800,385101,244788,179451,158350
E11000001,2024-03,2553.0,216642,384754,244412,179290,158703
E11000001,2024-04,2207.0,217943,385455,245660,180540,160252
E11000001,2024-05,2934.0,221392,388574,249033,183155,165302
E11000001,2024-06,2472.0,223106,390121,250738,185072,166443
E11000001,2024-07,2983.0,224178,391017,251950,186426,166625
E11000001,2024-08,3174.0,224566,393208,252655,187372,164545
E11000001,2024-09,2679.0,226216,398323,255029,188539,164517
E11000001,2024-10,2793.0,227643,402897,256557,189566,165232
E11000001,2024-11,2766.0,229186,407042,258754,190457,165923
E11000001,2024-12,2351.0,229610,407672,259257,191076,165679
E11000001,2025-01,1971.0,229663,408248,259767,191261,164551
E11000001,2025-02,2143.0,228593,406309,258312,190862,163204
E11000001,2025-03,3241.0,230069,404818,259663,192239,165880
E11000001,2025-04,985.0,228014,401123,257782,189622,165343
E11000001,2025-05,,228907,402686,259016,190026,166255
E11000001,2025-06,,228852,406235,259544,190109,163896
